// Jest Snapshot v1, https://goo.gl/fbAQLP

exports[`HelloStarWarsHooks Flushing Attempt ComponentDidMount Obtains result and sets data correctly 1`] = `
<HelloStarWarsHooks
  id="1"
>
  <h1>
    Hello Jedi Master!
  </h1>
</HelloStarWarsHooks>
`;

exports[`HelloStarWarsHooks Flushing Attempt Renders with a place holder 1`] = `
<h1>
  Hello undefined!
</h1>
`;
